// Jest Snapshot v1, https://goo.gl/fbAQLP

exports[`CountDown-Components Rendering CountDown component 1`] = `undefined`;
